
   FAIL  Tests\Feature\ProductVariantControllerTest
  Γ¿» can create product variant with attriΓÇª 0.94s  
  ΓöÇΓöÇΓöÇΓöÇΓöÇΓöÇΓöÇΓöÇΓöÇΓöÇΓöÇΓöÇΓöÇΓöÇΓöÇΓöÇΓöÇΓöÇΓöÇΓöÇΓöÇΓöÇΓöÇΓöÇΓöÇΓöÇΓöÇΓöÇΓöÇΓöÇΓöÇΓöÇΓöÇΓöÇΓöÇΓöÇΓöÇΓöÇΓöÇΓöÇΓöÇΓöÇΓöÇΓöÇΓöÇΓöÇ  
   FAILED  Tests\Feature\ProductVariantControlΓÇª   
  Failed asserting that a row in the table [product_variants] matches the attributes {
    "sku": "TEST-SKU-123"
}.

Found: [
    {
        "sku": "SKU-YBAZOFPT"
    }
].

  at tests\Feature\ProductVariantControllerTest.php:82
     78Γûò         $response->assertStatus(201);
     79Γûò         \Log::info('Stocks in DB: ' . json_encode(Stock::all()->toArray()));
     80Γûò         if (Stock::count() === 0)
     81Γûò             dd('No stocks found', $payload, $response->json());
  Γ₧£  82Γûò         $this->assertDatabaseHas('product_variants', ['sku' => 'TEST-SKU-123']);
     83Γûò         $this->assertDatabaseHas('product_variant_attributes', ['attribute_value_id' => $value->id]);
     84Γûò         $this->assertDatabaseHas('stocks', ['warehouse_id' => $warehouse->id, 'quantity' => 10]);
     85Γûò     }
     86Γûò


  Tests:    1 failed (2 assertions)
  Duration: 1.17s

